Archive member included to satisfy reference by file (symbol)

c:/ac6/systemworkbench/plugins/fr.ac6.mcu.externaltools.arm-none.win32_1.13.1.201701261202/tools/compiler/bin/../lib/gcc/arm-none-eabi/5.4.1/armv7-m\libgcc.a(_arm_addsubsf3.o)
                              Application/User/src/tm_stm32f4_ds18b20.o (__aeabi_fsub)
c:/ac6/systemworkbench/plugins/fr.ac6.mcu.externaltools.arm-none.win32_1.13.1.201701261202/tools/compiler/bin/../lib/gcc/arm-none-eabi/5.4.1/armv7-m\libgcc.a(_arm_muldivsf3.o)
                              Application/User/src/tm_stm32f4_ds18b20.o (__aeabi_fmul)
c:/ac6/systemworkbench/plugins/fr.ac6.mcu.externaltools.arm-none.win32_1.13.1.201701261202/tools/compiler/bin/../lib/gcc/arm-none-eabi/5.4.1/../../../../arm-none-eabi/lib/armv7-m\libc_nano.a(lib_a-exit.o)
                              c:/ac6/systemworkbench/plugins/fr.ac6.mcu.externaltools.arm-none.win32_1.13.1.201701261202/tools/compiler/bin/../lib/gcc/arm-none-eabi/5.4.1/../../../../arm-none-eabi/lib/armv7-m/crt0.o (exit)
c:/ac6/systemworkbench/plugins/fr.ac6.mcu.externaltools.arm-none.win32_1.13.1.201701261202/tools/compiler/bin/../lib/gcc/arm-none-eabi/5.4.1/../../../../arm-none-eabi/lib/armv7-m\libc_nano.a(lib_a-impure.o)
                              c:/ac6/systemworkbench/plugins/fr.ac6.mcu.externaltools.arm-none.win32_1.13.1.201701261202/tools/compiler/bin/../lib/gcc/arm-none-eabi/5.4.1/../../../../arm-none-eabi/lib/armv7-m\libc_nano.a(lib_a-exit.o) (_global_impure_ptr)
c:/ac6/systemworkbench/plugins/fr.ac6.mcu.externaltools.arm-none.win32_1.13.1.201701261202/tools/compiler/bin/../lib/gcc/arm-none-eabi/5.4.1/../../../../arm-none-eabi/lib/armv7-m\libc_nano.a(lib_a-init.o)
                              c:/ac6/systemworkbench/plugins/fr.ac6.mcu.externaltools.arm-none.win32_1.13.1.201701261202/tools/compiler/bin/../lib/gcc/arm-none-eabi/5.4.1/../../../../arm-none-eabi/lib/armv7-m/crt0.o (__libc_init_array)
c:/ac6/systemworkbench/plugins/fr.ac6.mcu.externaltools.arm-none.win32_1.13.1.201701261202/tools/compiler/bin/../lib/gcc/arm-none-eabi/5.4.1/../../../../arm-none-eabi/lib/armv7-m\libc_nano.a(lib_a-malloc.o)
                              Application/User/src/tm_stm32f4_delay.o (malloc)
c:/ac6/systemworkbench/plugins/fr.ac6.mcu.externaltools.arm-none.win32_1.13.1.201701261202/tools/compiler/bin/../lib/gcc/arm-none-eabi/5.4.1/../../../../arm-none-eabi/lib/armv7-m\libc_nano.a(lib_a-memset.o)
                              c:/ac6/systemworkbench/plugins/fr.ac6.mcu.externaltools.arm-none.win32_1.13.1.201701261202/tools/compiler/bin/../lib/gcc/arm-none-eabi/5.4.1/../../../../arm-none-eabi/lib/armv7-m/crt0.o (memset)
c:/ac6/systemworkbench/plugins/fr.ac6.mcu.externaltools.arm-none.win32_1.13.1.201701261202/tools/compiler/bin/../lib/gcc/arm-none-eabi/5.4.1/../../../../arm-none-eabi/lib/armv7-m\libc_nano.a(lib_a-nano-freer.o)
                              c:/ac6/systemworkbench/plugins/fr.ac6.mcu.externaltools.arm-none.win32_1.13.1.201701261202/tools/compiler/bin/../lib/gcc/arm-none-eabi/5.4.1/../../../../arm-none-eabi/lib/armv7-m\libc_nano.a(lib_a-malloc.o) (_free_r)
c:/ac6/systemworkbench/plugins/fr.ac6.mcu.externaltools.arm-none.win32_1.13.1.201701261202/tools/compiler/bin/../lib/gcc/arm-none-eabi/5.4.1/../../../../arm-none-eabi/lib/armv7-m\libc_nano.a(lib_a-nano-mallocr.o)
                              c:/ac6/systemworkbench/plugins/fr.ac6.mcu.externaltools.arm-none.win32_1.13.1.201701261202/tools/compiler/bin/../lib/gcc/arm-none-eabi/5.4.1/../../../../arm-none-eabi/lib/armv7-m\libc_nano.a(lib_a-malloc.o) (_malloc_r)
c:/ac6/systemworkbench/plugins/fr.ac6.mcu.externaltools.arm-none.win32_1.13.1.201701261202/tools/compiler/bin/../lib/gcc/arm-none-eabi/5.4.1/../../../../arm-none-eabi/lib/armv7-m\libc_nano.a(lib_a-sbrkr.o)
                              c:/ac6/systemworkbench/plugins/fr.ac6.mcu.externaltools.arm-none.win32_1.13.1.201701261202/tools/compiler/bin/../lib/gcc/arm-none-eabi/5.4.1/../../../../arm-none-eabi/lib/armv7-m\libc_nano.a(lib_a-nano-mallocr.o) (_sbrk_r)
c:/ac6/systemworkbench/plugins/fr.ac6.mcu.externaltools.arm-none.win32_1.13.1.201701261202/tools/compiler/bin/../lib/gcc/arm-none-eabi/5.4.1/../../../../arm-none-eabi/lib/armv7-m\libc_nano.a(lib_a-mlock.o)
                              c:/ac6/systemworkbench/plugins/fr.ac6.mcu.externaltools.arm-none.win32_1.13.1.201701261202/tools/compiler/bin/../lib/gcc/arm-none-eabi/5.4.1/../../../../arm-none-eabi/lib/armv7-m\libc_nano.a(lib_a-nano-freer.o) (__malloc_lock)
c:/ac6/systemworkbench/plugins/fr.ac6.mcu.externaltools.arm-none.win32_1.13.1.201701261202/tools/compiler/bin/../lib/gcc/arm-none-eabi/5.4.1/../../../../arm-none-eabi/lib/armv7-m\libc_nano.a(lib_a-reent.o)
                              c:/ac6/systemworkbench/plugins/fr.ac6.mcu.externaltools.arm-none.win32_1.13.1.201701261202/tools/compiler/bin/../lib/gcc/arm-none-eabi/5.4.1/../../../../arm-none-eabi/lib/armv7-m\libc_nano.a(lib_a-sbrkr.o) (errno)
[...]
Memory Configuration

Name             Origin             Length             Attributes
RAM              0x20000000         0x00005000         xrw
FLASH            0x08000000         0x00010000         xr
*default*        0x00000000         0xffffffff

Linker script and memory map

LOAD c:/ac6/systemworkbench/plugins/fr.ac6.mcu.externaltools.arm-none.win32_1.13.1.201701261202/tools/compiler/bin/../lib/gcc/arm-none-eabi/5.4.1/armv7-m/crti.o
LOAD c:/ac6/systemworkbench/plugins/fr.ac6.mcu.externaltools.arm-none.win32_1.13.1.201701261202/tools/compiler/bin/../lib/gcc/arm-none-eabi/5.4.1/armv7-m/crtbegin.o
LOAD c:/ac6/systemworkbench/plugins/fr.ac6.mcu.externaltools.arm-none.win32_1.13.1.201701261202/tools/compiler/bin/../lib/gcc/arm-none-eabi/5.4.1/../../../../arm-none-eabi/lib/armv7-m/crt0.o
LOAD c:/ac6/systemworkbench/plugins/fr.ac6.mcu.externaltools.arm-none.win32_1.13.1.201701261202/tools/compiler/bin/../lib/gcc/arm-none-eabi/5.4.1/../../../../arm-none-eabi/lib/armv7-m\libm.a
LOAD Application/SW4STM32/startup_stm32f103xb.o
LOAD Application/User/main.o
LOAD Application/User/stm32f1xx_hal_msp.o
LOAD Application/User/src/tm_stm32f1_gpio.o
LOAD Application/User/src/tm_stm32f4_delay.o
LOAD Application/User/src/tm_stm32f4_disco.o
LOAD Application/User/src/tm_stm32f4_ds18b20.o
LOAD Application/User/src/tm_stm32f4_onewire.o
LOAD Drivers/CMSIS/system_stm32f1xx.o
LOAD Drivers/STM32F1xx_HAL_Driver/stm32f1xx_hal.o
LOAD Drivers/STM32F1xx_HAL_Driver/stm32f1xx_hal_cortex.o
LOAD Drivers/STM32F1xx_HAL_Driver/stm32f1xx_hal_dma.o
LOAD Drivers/STM32F1xx_HAL_Driver/stm32f1xx_hal_flash.o
LOAD Drivers/STM32F1xx_HAL_Driver/stm32f1xx_hal_flash_ex.o
LOAD Drivers/STM32F1xx_HAL_Driver/stm32f1xx_hal_gpio.o
LOAD Drivers/STM32F1xx_HAL_Driver/stm32f1xx_hal_gpio_ex.o
LOAD Drivers/STM32F1xx_HAL_Driver/stm32f1xx_hal_pwr.o
LOAD Drivers/STM32F1xx_HAL_Driver/stm32f1xx_hal_rcc.o
LOAD Drivers/STM32F1xx_HAL_Driver/stm32f1xx_hal_rcc_ex.o
LOAD Drivers/STM32F1xx_HAL_Driver/stm32f1xx_hal_tim.o
LOAD Drivers/STM32F1xx_HAL_Driver/stm32f1xx_hal_tim_ex.o
START GROUP
LOAD c:/ac6/systemworkbench/plugins/fr.ac6.mcu.externaltools.arm-none.win32_1.13.1.201701261202/tools/compiler/bin/../lib/gcc/arm-none-eabi/5.4.1/armv7-m\libgcc.a
LOAD c:/ac6/systemworkbench/plugins/fr.ac6.mcu.externaltools.arm-none.win32_1.13.1.201701261202/tools/compiler/bin/../lib/gcc/arm-none-eabi/5.4.1/../../../../arm-none-eabi/lib/armv7-m\libc_nano.a
END GROUP
START GROUP
LOAD c:/ac6/systemworkbench/plugins/fr.ac6.mcu.externaltools.arm-none.win32_1.13.1.201701261202/tools/compiler/bin/../lib/gcc/arm-none-eabi/5.4.1/armv7-m\libgcc.a
LOAD c:/ac6/systemworkbench/plugins/fr.ac6.mcu.externaltools.arm-none.win32_1.13.1.201701261202/tools/compiler/bin/../lib/gcc/arm-none-eabi/5.4.1/../../../../arm-none-eabi/lib/armv7-m\libc_nano.a
LOAD c:/ac6/systemworkbench/plugins/fr.ac6.mcu.externaltools.arm-none.win32_1.13.1.201701261202/tools/compiler/bin/../lib/gcc/arm-none-eabi/5.4.1/../../../../arm-none-eabi/lib/armv7-m\libnosys.a
END GROUP
START GROUP
LOAD c:/ac6/systemworkbench/plugins/fr.ac6.mcu.externaltools.arm-none.win32_1.13.1.201701261202/tools/compiler/bin/../lib/gcc/arm-none-eabi/5.4.1/armv7-m\libgcc.a
LOAD c:/ac6/systemworkbench/plugins/fr.ac6.mcu.externaltools.arm-none.win32_1.13.1.201701261202/tools/compiler/bin/../lib/gcc/arm-none-eabi/5.4.1/../../../../arm-none-eabi/lib/armv7-m\libc_nano.a
LOAD c:/ac6/systemworkbench/plugins/fr.ac6.mcu.externaltools.arm-none.win32_1.13.1.201701261202/tools/compiler/bin/../lib/gcc/arm-none-eabi/5.4.1/../../../../arm-none-eabi/lib/armv7-m\libnosys.a
END GROUP
LOAD c:/ac6/systemworkbench/plugins/fr.ac6.mcu.externaltools.arm-none.win32_1.13.1.201701261202/tools/compiler/bin/../lib/gcc/arm-none-eabi/5.4.1/armv7-m/crtend.o
LOAD c:/ac6/systemworkbench/plugins/fr.ac6.mcu.externaltools.arm-none.win32_1.13.1.201701261202/tools/compiler/bin/../lib/gcc/arm-none-eabi/5.4.1/armv7-m/crtn.o
                0x20005000                _estack = 0x20005000
                0x00000200                _Min_Heap_Size = 0x200
                0x00000400                _Min_Stack_Size = 0x400

.isr_vector     0x08000000      0x10c
                0x08000000                . = ALIGN (0x4)
 *(.isr_vector)
 .isr_vector    0x08000000      0x10c Application/SW4STM32/startup_stm32f103xb.o
                0x08000000                g_pfnVectors
                0x0800010c                . = ALIGN (0x4)

.text           0x0800010c     0x1e0c
                0x0800010c                . = ALIGN (0x4)
 *(.text)
 .text          0x0800010c       0x5c c:/ac6/systemworkbench/plugins/fr.ac6.mcu.externaltools.arm-none.win32_1.13.1.201701261202/tools/compiler/bin/../lib/gcc/arm-none-eabi/5.4.1/armv7-m/crtbegin.o
 .text          0x08000168      0x21c c:/ac6/systemworkbench/plugins/fr.ac6.mcu.externaltools.arm-none.win32_1.13.1.201701261202/tools/compiler/bin/../lib/gcc/arm-none-eabi/5.4.1/armv7-m\libgcc.a(_arm_addsubsf3.o)
                0x08000168                __aeabi_frsub
                0x08000170                __subsf3
                0x08000170                __aeabi_fsub
                0x08000174                __aeabi_fadd
                0x08000174                __addsf3
                0x080002d4                __aeabi_ui2f
                0x080002d4                __floatunsisf
                0x080002dc                __aeabi_i2f
                0x080002dc                __floatsisf
                0x080002f8                __aeabi_ul2f
                0x080002f8                __floatundisf
                0x08000308                __aeabi_l2f
                0x08000308                __floatdisf
 .text          0x08000384      0x2a0 c:/ac6/systemworkbench/plugins/fr.ac6.mcu.externaltools.arm-none.win32_1.13.1.201701261202/tools/compiler/bin/../lib/gcc/arm-none-eabi/5.4.1/armv7-m\libgcc.a(_arm_muldivsf3.o)
                0x08000384                __mulsf3
                0x08000384                __aeabi_fmul
                0x080004ec                __aeabi_fdiv
                0x080004ec                __divsf3
 *(.text*)
 .text.Reset_Handler
                0x08000624       0x48 Application/SW4STM32/startup_stm32f103xb.o
                0x08000624                Reset_Handler
 .text.Default_Handler
                0x0800066c        0x2 Application/SW4STM32/startup_stm32f103xb.o
                0x0800066c                RTC_Alarm_IRQHandler
                0x0800066c                EXTI2_IRQHandler
                0x0800066c                DebugMon_Handler
                0x0800066c                TIM1_CC_IRQHandler
                0x0800066c                HardFault_Handler
                0x0800066c                PVD_IRQHandler
                0x0800066c                PendSV_Handler
                0x0800066c                NMI_Handler
                0x0800066c                EXTI3_IRQHandler
                0x0800066c                EXTI0_IRQHandler
                0x0800066c                I2C2_EV_IRQHandler
                0x0800066c                UsageFault_Handler
                0x0800066c                ADC1_2_IRQHandler
                0x0800066c                SPI1_IRQHandler
                0x0800066c                TAMPER_IRQHandler
                0x0800066c                DMA1_Channel4_IRQHandler
                0x0800066c                USART3_IRQHandler
                0x0800066c                RTC_IRQHandler
                0x0800066c                DMA1_Channel7_IRQHandler
                0x0800066c                CAN1_RX1_IRQHandler
                0x0800066c                TIM4_IRQHandler
                0x0800066c                I2C1_EV_IRQHandler
                0x0800066c                DMA1_Channel6_IRQHandler
                0x0800066c                TIM3_IRQHandler
                0x0800066c                RCC_IRQHandler
                0x0800066c                TIM1_TRG_COM_IRQHandler
                0x0800066c                DMA1_Channel1_IRQHandler
                0x0800066c                Default_Handler
                0x0800066c                EXTI15_10_IRQHandler
                0x0800066c                EXTI9_5_IRQHandler
                0x0800066c                SPI2_IRQHandler
                0x0800066c                MemManage_Handler
                0x0800066c                SVC_Handler
                0x0800066c                DMA1_Channel5_IRQHandler
                0x0800066c                EXTI4_IRQHandler
                0x0800066c                USB_LP_CAN1_RX0_IRQHandler
                0x0800066c                USB_HP_CAN1_TX_IRQHandler
                0x0800066c                DMA1_Channel3_IRQHandler
                0x0800066c                TIM1_UP_IRQHandler
                0x0800066c                WWDG_IRQHandler
                0x0800066c                TIM2_IRQHandler
                0x0800066c                TIM1_BRK_IRQHandler
                0x0800066c                EXTI1_IRQHandler
                0x0800066c                USART2_IRQHandler
                0x0800066c                I2C2_ER_IRQHandler
                0x0800066c                DMA1_Channel2_IRQHandler
                0x0800066c                CAN1_SCE_IRQHandler
                0x0800066c                FLASH_IRQHandler
                0x0800066c                BusFault_Handler
                0x0800066c                USART1_IRQHandler
                0x0800066c                I2C1_ER_IRQHandler
                0x0800066c                USBWakeUp_IRQHandler
 *fill*         0x0800066e        0x2 
 .text.MX_GPIO_Init
                0x08000670       0x20 Application/User/main.o
 .text.Error_Handler
                0x08000690        0x4 Application/User/main.o
                0x08000690                Error_Handler
 .text.SystemClock_Config
                0x08000694       0x78 Application/User/main.o
                0x08000694                SystemClock_Config
 .text.main     0x0800070c       0xf4 Application/User/main.o
                0x0800070c                main
 .text.HAL_MspInit
                0x08000800       0x7c Application/User/stm32f1xx_hal_msp.o
                0x08000800                HAL_MspInit
 .text.convertToPinSpeed
                0x0800087c       0x1c Application/User/src/tm_stm32f1_gpio.o
                0x0800087c                convertToPinSpeed
 .text.gpioSetPin
                0x08000898       0xd0 Application/User/src/tm_stm32f1_gpio.o
                0x08000898                gpioSetPin
 .text.TARUC_GPIO_SetMode
                0x08000968       0x28 Application/User/src/tm_stm32f1_gpio.o
                0x08000968                TARUC_GPIO_SetMode
 .text.TARUC_GPIO_SetPullType
                0x08000990       0x28 Application/User/src/tm_stm32f1_gpio.o
                0x08000990                TARUC_GPIO_SetPullType
 .text.TARUC_GPIO_SetOutputType
                0x080009b8       0x28 Application/User/src/tm_stm32f1_gpio.o
                0x080009b8                TARUC_GPIO_SetOutputType
 .text.TARUC_GPIO_SetSpeed
                0x080009e0       0x28 Application/User/src/tm_stm32f1_gpio.o
                0x080009e0                TARUC_GPIO_SetSpeed
 .text.TM_GPIO_SetPinAsInput
                0x08000a08       0x28 Application/User/src/tm_stm32f1_gpio.o
                0x08000a08                TM_GPIO_SetPinAsInput
 .text.TM_GPIO_SetPinAsOutput
                0x08000a30       0x28 Application/User/src/tm_stm32f1_gpio.o
                0x08000a30                TM_GPIO_SetPinAsOutput
 .text.TM_GPIO_GetPortSource
                0x08000a58       0x10 Application/User/src/tm_stm32f1_gpio.o
                0x08000a58                TM_GPIO_GetPortSource
 .text.TM_GPIO_INT_EnableClock
                0x08000a68       0x1c Application/User/src/tm_stm32f1_gpio.o
                0x08000a68                TM_GPIO_INT_EnableClock
 .text.gpioUnreset
                0x08000a84       0x20 Application/User/src/tm_stm32f1_gpio.o
                0x08000a84                gpioUnreset
 .text.TM_GPIO_INT_Init
                0x08000aa4       0x7c Application/User/src/tm_stm32f1_gpio.o
                0x08000aa4                TM_GPIO_INT_Init
 .text.TM_GPIO_Init
                0x08000b20       0x38 Application/User/src/tm_stm32f1_gpio.o
                0x08000b20                TM_GPIO_Init
 .text.SysTick_Handler
                0x08000b58       0x68 Application/User/src/tm_stm32f4_delay.o
                0x08000b58                SysTick_Handler
 .text.TM_DELAY_Init
                0x08000bc0       0x68 Application/User/src/tm_stm32f4_delay.o
                0x08000bc0                TM_DELAY_Init
 .text.TM_DS18B20_StartAll
                0x08000c28       0x1c Application/User/src/tm_stm32f4_ds18b20.o
                0x08000c28                TM_DS18B20_StartAll
 .text.TM_DS18B20_Is
                0x08000c44       0x10 Application/User/src/tm_stm32f4_ds18b20.o
                0x08000c44                TM_DS18B20_Is
 .text.TM_DS18B20_Read
                0x08000c54      0x12c Application/User/src/tm_stm32f4_ds18b20.o
                0x08000c54                TM_DS18B20_Read
 .text.TM_DS18B20_SetResolution
                0x08000d80       0xcc Application/User/src/tm_stm32f4_ds18b20.o
                0x08000d80                TM_DS18B20_SetResolution
 .text.TM_DS18B20_SetAlarmLowTemperature
                0x08000e4c       0xac Application/User/src/tm_stm32f4_ds18b20.o
                0x08000e4c                TM_DS18B20_SetAlarmLowTemperature
 .text.TM_DS18B20_SetAlarmHighTemperature
                0x08000ef8       0xac Application/User/src/tm_stm32f4_ds18b20.o
                0x08000ef8                TM_DS18B20_SetAlarmHighTemperature
 .text.TM_DS18B20_DisableAlarmTemperature
                0x08000fa4       0x90 Application/User/src/tm_stm32f4_ds18b20.o
                0x08000fa4                TM_DS18B20_DisableAlarmTemperature
 .text.TM_DS18B20_AllDone
                0x08001034        0x8 Application/User/src/tm_stm32f4_ds18b20.o
                0x08001034                TM_DS18B20_AllDone
 .text.TM_OneWire_Init
                0x0800103c       0x28 Application/User/src/tm_stm32f4_onewire.o
                0x0800103c                TM_OneWire_Init
 .text.TM_OneWire_Reset
                0x08001064       0xbc Application/User/src/tm_stm32f4_onewire.o
                0x08001064                TM_OneWire_Reset
 .text.TM_OneWire_WriteBit
                0x08001120      0x104 Application/User/src/tm_stm32f4_onewire.o
                0x08001120                TM_OneWire_WriteBit
 .text.TM_OneWire_ReadBit
                0x08001224       0xb8 Application/User/src/tm_stm32f4_onewire.o
                0x08001224                TM_OneWire_ReadBit
 .text.TM_OneWire_WriteByte
                0x080012dc       0x24 Application/User/src/tm_stm32f4_onewire.o
                0x080012dc                TM_OneWire_WriteByte
 .text.TM_OneWire_ReadByte
                0x08001300       0x24 Application/User/src/tm_stm32f4_onewire.o
                0x08001300                TM_OneWire_ReadByte
 .text.TM_OneWire_ResetSearch
                0x08001324        0xc Application/User/src/tm_stm32f4_onewire.o
                0x08001324                TM_OneWire_ResetSearch
 .text.TM_OneWire_Search
                0x08001330       0xe8 Application/User/src/tm_stm32f4_onewire.o
                0x08001330                TM_OneWire_Search
 .text.TM_OneWire_First
                0x08001418       0x14 Application/User/src/tm_stm32f4_onewire.o
                0x08001418                TM_OneWire_First
 .text.TM_OneWire_Next
                0x0800142c        0xc Application/User/src/tm_stm32f4_onewire.o
                0x0800142c                TM_OneWire_Next
 .text.TM_OneWire_SelectWithPointer
                0x08001438       0x24 Application/User/src/tm_stm32f4_onewire.o
                0x08001438                TM_OneWire_SelectWithPointer
 .text.TM_OneWire_GetFullROM
                0x0800145c       0x14 Application/User/src/tm_stm32f4_onewire.o
                0x0800145c                TM_OneWire_GetFullROM
 .text.TM_OneWire_CRC8
                0x08001470       0x40 Application/User/src/tm_stm32f4_onewire.o
                0x08001470                TM_OneWire_CRC8
 .text.SystemInit
                0x080014b0       0x4c Drivers/CMSIS/system_stm32f1xx.o
                0x080014b0                SystemInit
 .text.HAL_InitTick
                0x080014fc       0x28 Drivers/STM32F1xx_HAL_Driver/stm32f1xx_hal.o
                0x080014fc                HAL_InitTick
 .text.HAL_Init
                0x08001524       0x24 Drivers/STM32F1xx_HAL_Driver/stm32f1xx_hal.o
                0x08001524                HAL_Init
 .text.HAL_GetTick
                0x08001548        0xc Drivers/STM32F1xx_HAL_Driver/stm32f1xx_hal.o
                0x08001548                HAL_GetTick
 .text.HAL_Delay
                0x08001554       0x1c Drivers/STM32F1xx_HAL_Driver/stm32f1xx_hal.o
                0x08001554                HAL_Delay
 .text.HAL_NVIC_SetPriorityGrouping
                0x08001570       0x24 Drivers/STM32F1xx_HAL_Driver/stm32f1xx_hal_cortex.o
                0x08001570                HAL_NVIC_SetPriorityGrouping
 .text.HAL_NVIC_SetPriority
                0x08001594       0x64 Drivers/STM32F1xx_HAL_Driver/stm32f1xx_hal_cortex.o
                0x08001594                HAL_NVIC_SetPriority
 .text.HAL_SYSTICK_Config
                0x080015f8       0x2c Drivers/STM32F1xx_HAL_Driver/stm32f1xx_hal_cortex.o
                0x080015f8                HAL_SYSTICK_Config
 .text.HAL_SYSTICK_CLKSourceConfig
                0x08001624       0x20 Drivers/STM32F1xx_HAL_Driver/stm32f1xx_hal_cortex.o
                0x08001624                HAL_SYSTICK_CLKSourceConfig
 .text.HAL_RCC_OscConfig
                0x08001644      0x5ec Drivers/STM32F1xx_HAL_Driver/stm32f1xx_hal_rcc.o
                0x08001644                HAL_RCC_OscConfig
 .text.HAL_RCC_GetSysClockFreq
                0x08001c30       0x94 Drivers/STM32F1xx_HAL_Driver/stm32f1xx_hal_rcc.o
                0x08001c30                HAL_RCC_GetSysClockFreq
 .text.HAL_RCC_ClockConfig
                0x08001cc4      0x1e4 Drivers/STM32F1xx_HAL_Driver/stm32f1xx_hal_rcc.o
                0x08001cc4                HAL_RCC_ClockConfig
 .text.HAL_RCC_GetHCLKFreq
                0x08001ea8        0xc Drivers/STM32F1xx_HAL_Driver/stm32f1xx_hal_rcc.o
                0x08001ea8                HAL_RCC_GetHCLKFreq
 .text.__libc_init_array
                0x08001eb4       0x4c c:/ac6/systemworkbench/plugins/fr.ac6.mcu.externaltools.arm-none.win32_1.13.1.201701261202/tools/compiler/bin/../lib/gcc/arm-none-eabi/5.4.1/../../../../arm-none-eabi/lib/armv7-m\libc_nano.a(lib_a-init.o)
                0x08001eb4                __libc_init_array
 *(.glue_7)
 .glue_7        0x08001f00        0x0 linker stubs
 *(.glue_7t)
 .glue_7t       0x08001f00        0x0 linker stubs
 *(.eh_frame)
 .eh_frame      0x08001f00        0x0 c:/ac6/systemworkbench/plugins/fr.ac6.mcu.externaltools.arm-none.win32_1.13.1.201701261202/tools/compiler/bin/../lib/gcc/arm-none-eabi/5.4.1/armv7-m/crtbegin.o
 *(.init)
 .init          0x08001f00        0x4 c:/ac6/systemworkbench/plugins/fr.ac6.mcu.externaltools.arm-none.win32_1.13.1.201701261202/tools/compiler/bin/../lib/gcc/arm-none-eabi/5.4.1/armv7-m/crti.o
                0x08001f00                _init
 .init          0x08001f04        0x8 c:/ac6/systemworkbench/plugins/fr.ac6.mcu.externaltools.arm-none.win32_1.13.1.201701261202/tools/compiler/bin/../lib/gcc/arm-none-eabi/5.4.1/armv7-m/crtn.o
 *(.fini)
 .fini          0x08001f0c        0x4 c:/ac6/systemworkbench/plugins/fr.ac6.mcu.externaltools.arm-none.win32_1.13.1.201701261202/tools/compiler/bin/../lib/gcc/arm-none-eabi/5.4.1/armv7-m/crti.o
                0x08001f0c                _fini
 .fini          0x08001f10        0x8 c:/ac6/systemworkbench/plugins/fr.ac6.mcu.externaltools.arm-none.win32_1.13.1.201701261202/tools/compiler/bin/../lib/gcc/arm-none-eabi/5.4.1/armv7-m/crtn.o
                0x08001f18                . = ALIGN (0x4)
                0x08001f18                _etext = .

.vfp11_veneer   0x08001f18        0x0
 .vfp11_veneer  0x08001f18        0x0 linker stubs

.v4_bx          0x08001f18        0x0
 .v4_bx         0x08001f18        0x0 linker stubs

.iplt           0x08001f18        0x0
 .iplt          0x08001f18        0x0 c:/ac6/systemworkbench/plugins/fr.ac6.mcu.externaltools.arm-none.win32_1.13.1.201701261202/tools/compiler/bin/../lib/gcc/arm-none-eabi/5.4.1/armv7-m/crtbegin.o

.rodata         0x08001f18       0x2c
                0x08001f18                . = ALIGN (0x4)
 *(.rodata)
 .rodata        0x08001f18       0x18 Drivers/CMSIS/system_stm32f1xx.o
                0x08001f18                AHBPrescTable
                0x08001f28                APBPrescTable
 .rodata        0x08001f30       0x12 Drivers/STM32F1xx_HAL_Driver/stm32f1xx_hal_rcc.o
 *(.rodata*)
                0x08001f44                . = ALIGN (0x4)
 *fill*         0x08001f42        0x2 

.rel.dyn        0x08001f44        0x0
 .rel.iplt      0x08001f44        0x0 c:/ac6/systemworkbench/plugins/fr.ac6.mcu.externaltools.arm-none.win32_1.13.1.201701261202/tools/compiler/bin/../lib/gcc/arm-none-eabi/5.4.1/armv7-m/crtbegin.o

.ARM.extab
 *(.ARM.extab* .gnu.linkonce.armextab.*)

.ARM            0x08001f44        0x0
                0x08001f44                __exidx_start = .
 *(.ARM.exidx*)
                0x08001f44                __exidx_end = .

.preinit_array  0x08001f44        0x0
                0x08001f44                PROVIDE (__preinit_array_start, .)
 *(.preinit_array*)
                0x08001f44                PROVIDE (__preinit_array_end, .)

.init_array     0x08001f44        0x4
                0x08001f44                PROVIDE (__init_array_start, .)
 *(SORT(.init_array.*))
 *(.init_array*)
 .init_array    0x08001f44        0x4 c:/ac6/systemworkbench/plugins/fr.ac6.mcu.externaltools.arm-none.win32_1.13.1.201701261202/tools/compiler/bin/../lib/gcc/arm-none-eabi/5.4.1/armv7-m/crtbegin.o
                0x08001f48                PROVIDE (__init_array_end, .)

.fini_array     0x08001f48        0x4
                [!provide]                PROVIDE (__fini_array_start, .)
 *(SORT(.fini_array.*))
 *(.fini_array*)
 .fini_array    0x08001f48        0x4 c:/ac6/systemworkbench/plugins/fr.ac6.mcu.externaltools.arm-none.win32_1.13.1.201701261202/tools/compiler/bin/../lib/gcc/arm-none-eabi/5.4.1/armv7-m/crtbegin.o
                [!provide]                PROVIDE (__fini_array_end, .)
                0x08001f4c                _sidata = LOADADDR (.data)

.data           0x20000000        0x4 load address 0x08001f4c
                0x20000000                . = ALIGN (0x4)
                0x20000000                _sdata = .
 *(.data)
 .data          0x20000000        0x4 Drivers/CMSIS/system_stm32f1xx.o
                0x20000000                SystemCoreClock
 *(.data*)
                0x20000004                . = ALIGN (0x4)
                0x20000004                _edata = .

.jcr            0x20000004        0x0 load address 0x08001f50
 .jcr           0x20000004        0x0 c:/ac6/systemworkbench/plugins/fr.ac6.mcu.externaltools.arm-none.win32_1.13.1.201701261202/tools/compiler/bin/../lib/gcc/arm-none-eabi/5.4.1/armv7-m/crtbegin.o

.igot.plt       0x20000004        0x0 load address 0x08001f50
 .igot.plt      0x20000004        0x0 c:/ac6/systemworkbench/plugins/fr.ac6.mcu.externaltools.arm-none.win32_1.13.1.201701261202/tools/compiler/bin/../lib/gcc/arm-none-eabi/5.4.1/armv7-m/crtbegin.o
                0x20000004                . = ALIGN (0x4)

.bss            0x20000004       0x7c load address 0x08001f50
                0x20000004                _sbss = .
                0x20000004                __bss_start__ = _sbss
 *(.bss)
 .bss           0x20000004       0x1c c:/ac6/systemworkbench/plugins/fr.ac6.mcu.externaltools.arm-none.win32_1.13.1.201701261202/tools/compiler/bin/../lib/gcc/arm-none-eabi/5.4.1/armv7-m/crtbegin.o
 .bss           0x20000020       0x2e Application/User/src/tm_stm32f1_gpio.o
 *fill*         0x2000004e        0x2 
 .bss           0x20000050       0x28 Application/User/src/tm_stm32f4_delay.o
                0x20000050                TM_Time
                0x20000054                TM_Time2
                0x20000070                TM_DELAY_Initialized
                0x20000074                TM_TimingDelay
 .bss           0x20000078        0x4 Drivers/STM32F1xx_HAL_Driver/stm32f1xx_hal.o
 *(.bss*)
 *(COMMON)
 COMMON         0x2000007c        0x4 Application/User/src/tm_stm32f4_delay.o
                0x2000007c                mult
                0x20000080                . = ALIGN (0x4)
                0x20000080                _ebss = .
                0x20000080                __bss_end__ = _ebss

._user_heap_stack
                0x20000080      0x600 load address 0x08001f50
                0x20000080                . = ALIGN (0x8)
                0x20000080                PROVIDE (end, .)
                [!provide]                PROVIDE (_end, .)
                0x20000280                . = (. + _Min_Heap_Size)
 *fill*         0x20000080      0x200 
                0x20000680                . = (. + _Min_Stack_Size)
 *fill*         0x20000280      0x400 
                0x20000680                . = ALIGN (0x8)

/DISCARD/
 libc.a(*)
 libm.a(*)
 libgcc.a(*)

.ARM.attributes
                0x00000000       0x29
 *(.ARM.attributes)
 .ARM.attributes
                0x00000000       0x1d c:/ac6/systemworkbench/plugins/fr.ac6.mcu.externaltools.arm-none.win32_1.13.1.201701261202/tools/compiler/bin/../lib/gcc/arm-none-eabi/5.4.1/armv7-m/crti.o
 .ARM.attributes
                0x0000001d       0x2d c:/ac6/systemworkbench/plugins/fr.ac6.mcu.externaltools.arm-none.win32_1.13.1.201701261202/tools/compiler/bin/../lib/gcc/arm-none-eabi/5.4.1/armv7-m/crtbegin.o
 .ARM.attributes
                0x0000004a       0x21 Application/SW4STM32/startup_stm32f103xb.o
 .ARM.attributes
                0x0000006b       0x33 Application/User/main.o
 .ARM.attributes
                0x0000009e       0x33 Application/User/stm32f1xx_hal_msp.o
 .ARM.attributes
                0x000000d1       0x33 Application/User/src/tm_stm32f1_gpio.o
 .ARM.attributes
                0x00000104       0x33 Application/User/src/tm_stm32f4_delay.o
 .ARM.attributes
                0x00000137       0x33 Application/User/src/tm_stm32f4_ds18b20.o
 .ARM.attributes
                0x0000016a       0x33 Application/User/src/tm_stm32f4_onewire.o
 .ARM.attributes
                0x0000019d       0x33 Drivers/CMSIS/system_stm32f1xx.o
 .ARM.attributes
                0x000001d0       0x33 Drivers/STM32F1xx_HAL_Driver/stm32f1xx_hal.o
 .ARM.attributes
                0x00000203       0x33 Drivers/STM32F1xx_HAL_Driver/stm32f1xx_hal_cortex.o
 .ARM.attributes
                0x00000236       0x33 Drivers/STM32F1xx_HAL_Driver/stm32f1xx_hal_rcc.o
 .ARM.attributes
                0x00000269       0x1d c:/ac6/systemworkbench/plugins/fr.ac6.mcu.externaltools.arm-none.win32_1.13.1.201701261202/tools/compiler/bin/../lib/gcc/arm-none-eabi/5.4.1/armv7-m\libgcc.a(_arm_addsubsf3.o)
 .ARM.attributes
                0x00000286       0x1d c:/ac6/systemworkbench/plugins/fr.ac6.mcu.externaltools.arm-none.win32_1.13.1.201701261202/tools/compiler/bin/../lib/gcc/arm-none-eabi/5.4.1/armv7-m\libgcc.a(_arm_muldivsf3.o)
 .ARM.attributes
                0x000002a3       0x2d c:/ac6/systemworkbench/plugins/fr.ac6.mcu.externaltools.arm-none.win32_1.13.1.201701261202/tools/compiler/bin/../lib/gcc/arm-none-eabi/5.4.1/../../../../arm-none-eabi/lib/armv7-m\libc_nano.a(lib_a-init.o)
 .ARM.attributes
                0x000002d0       0x1d c:/ac6/systemworkbench/plugins/fr.ac6.mcu.externaltools.arm-none.win32_1.13.1.201701261202/tools/compiler/bin/../lib/gcc/arm-none-eabi/5.4.1/armv7-m/crtn.o
OUTPUT(TemperatureF1.elf elf32-littlearm)

.debug_line     0x00000000     0x5ad4
 .debug_line    0x00000000       0xa0 Application/SW4STM32/startup_stm32f103xb.o
 .debug_line    0x000000a0      0x8ac Application/User/main.o
 .debug_line    0x0000094c      0x71c Application/User/stm32f1xx_hal_msp.o
 .debug_line    0x00001068      0x987 Application/User/src/tm_stm32f1_gpio.o
 .debug_line    0x000019ef      0x8c4 Application/User/src/tm_stm32f4_delay.o
 .debug_line    0x000022b3      0x928 Application/User/src/tm_stm32f4_ds18b20.o
 .debug_line    0x00002bdb      0xa8e Application/User/src/tm_stm32f4_onewire.o
 .debug_line    0x00003669      0x742 Drivers/CMSIS/system_stm32f1xx.o
 .debug_line    0x00003dab      0x87e Drivers/STM32F1xx_HAL_Driver/stm32f1xx_hal.o
 .debug_line    0x00004629      0x8ba Drivers/STM32F1xx_HAL_Driver/stm32f1xx_hal_cortex.o
 .debug_line    0x00004ee3      0xbf1 Drivers/STM32F1xx_HAL_Driver/stm32f1xx_hal_rcc.o

.debug_info     0x00000000     0x6892
 .debug_info    0x00000000       0xaa Application/SW4STM32/startup_stm32f103xb.o
 .debug_info    0x000000aa      0xa13 Application/User/main.o
 .debug_info    0x00000abd      0x3ce Application/User/stm32f1xx_hal_msp.o
 .debug_info    0x00000e8b      0xc7a Application/User/src/tm_stm32f1_gpio.o
 .debug_info    0x00001b05      0x9ac Application/User/src/tm_stm32f4_delay.o
 .debug_info    0x000024b1      0xeef Application/User/src/tm_stm32f4_ds18b20.o
 .debug_info    0x000033a0      0xb90 Application/User/src/tm_stm32f4_onewire.o
 .debug_info    0x00003f30      0x3eb Drivers/CMSIS/system_stm32f1xx.o
 .debug_info    0x0000431b      0x699 Drivers/STM32F1xx_HAL_Driver/stm32f1xx_hal.o
 .debug_info    0x000049b4      0xc33 Drivers/STM32F1xx_HAL_Driver/stm32f1xx_hal_cortex.o
 .debug_info    0x000055e7     0x12ab Drivers/STM32F1xx_HAL_Driver/stm32f1xx_hal_rcc.o

.debug_abbrev   0x00000000     0x15c5
 .debug_abbrev  0x00000000       0x12 Application/SW4STM32/startup_stm32f103xb.o
 .debug_abbrev  0x00000012      0x20f Application/User/main.o
 .debug_abbrev  0x00000221      0x114 Application/User/stm32f1xx_hal_msp.o
 .debug_abbrev  0x00000335      0x1e7 Application/User/src/tm_stm32f1_gpio.o
 .debug_abbrev  0x0000051c      0x32b Application/User/src/tm_stm32f4_delay.o
 .debug_abbrev  0x00000847      0x225 Application/User/src/tm_stm32f4_ds18b20.o
 .debug_abbrev  0x00000a6c      0x2d1 Application/User/src/tm_stm32f4_onewire.o
 .debug_abbrev  0x00000d3d      0x125 Drivers/CMSIS/system_stm32f1xx.o
 .debug_abbrev  0x00000e62      0x21f Drivers/STM32F1xx_HAL_Driver/stm32f1xx_hal.o
 .debug_abbrev  0x00001081      0x2bd Drivers/STM32F1xx_HAL_Driver/stm32f1xx_hal_cortex.o
 .debug_abbrev  0x0000133e      0x287 Drivers/STM32F1xx_HAL_Driver/stm32f1xx_hal_rcc.o

.debug_aranges  0x00000000      0x4d0
 .debug_aranges
                0x00000000       0x28 Application/SW4STM32/startup_stm32f103xb.o
 .debug_aranges
                0x00000028       0x38 Application/User/main.o
 .debug_aranges
                0x00000060       0x20 Application/User/stm32f1xx_hal_msp.o
 .debug_aranges
                0x00000080       0xd8 Application/User/src/tm_stm32f1_gpio.o
 .debug_aranges
                0x00000158       0x70 Application/User/src/tm_stm32f4_delay.o
 .debug_aranges
                0x000001c8       0x70 Application/User/src/tm_stm32f4_ds18b20.o
 .debug_aranges
                0x00000238       0xa8 Application/User/src/tm_stm32f4_onewire.o
 .debug_aranges
                0x000002e0       0x28 Drivers/CMSIS/system_stm32f1xx.o
 .debug_aranges
                0x00000308       0xb0 Drivers/STM32F1xx_HAL_Driver/stm32f1xx_hal.o
 .debug_aranges
                0x000003b8       0x90 Drivers/STM32F1xx_HAL_Driver/stm32f1xx_hal_cortex.o
 .debug_aranges
                0x00000448       0x88 Drivers/STM32F1xx_HAL_Driver/stm32f1xx_hal_rcc.o

.debug_ranges   0x00000000      0x428
 .debug_ranges  0x00000000       0x20 Application/SW4STM32/startup_stm32f103xb.o
 .debug_ranges  0x00000020       0x28 Application/User/main.o
 .debug_ranges  0x00000048       0x10 Application/User/stm32f1xx_hal_msp.o
 .debug_ranges  0x00000058       0xc8 Application/User/src/tm_stm32f1_gpio.o
 .debug_ranges  0x00000120       0x60 Application/User/src/tm_stm32f4_delay.o
 .debug_ranges  0x00000180       0x60 Application/User/src/tm_stm32f4_ds18b20.o
 .debug_ranges  0x000001e0       0x98 Application/User/src/tm_stm32f4_onewire.o
 .debug_ranges  0x00000278       0x18 Drivers/CMSIS/system_stm32f1xx.o
 .debug_ranges  0x00000290       0xa0 Drivers/STM32F1xx_HAL_Driver/stm32f1xx_hal.o
 .debug_ranges  0x00000330       0x80 Drivers/STM32F1xx_HAL_Driver/stm32f1xx_hal_cortex.o
 .debug_ranges  0x000003b0       0x78 Drivers/STM32F1xx_HAL_Driver/stm32f1xx_hal_rcc.o

.debug_loc      0x00000000     0x2e14
 .debug_loc     0x00000000       0x66 Application/User/main.o
 .debug_loc     0x00000066      0xafc Application/User/src/tm_stm32f1_gpio.o
 .debug_loc     0x00000b62      0x25f Application/User/src/tm_stm32f4_delay.o
 .debug_loc     0x00000dc1      0x6cf Application/User/src/tm_stm32f4_ds18b20.o
 .debug_loc     0x00001490      0xa14 Application/User/src/tm_stm32f4_onewire.o
 .debug_loc     0x00001ea4       0xdf Drivers/CMSIS/system_stm32f1xx.o
 .debug_loc     0x00001f83       0x81 Drivers/STM32F1xx_HAL_Driver/stm32f1xx_hal.o
 .debug_loc     0x00002004      0x527 Drivers/STM32F1xx_HAL_Driver/stm32f1xx_hal_cortex.o
 .debug_loc     0x0000252b      0x8e9 Drivers/STM32F1xx_HAL_Driver/stm32f1xx_hal_rcc.o

.debug_macro    0x00000000    0x182bd
 .debug_macro   0x00000000      0x35f Application/User/main.o
 .debug_macro   0x0000035f      0x880 Application/User/main.o
 .debug_macro   0x00000bdf       0x16 Application/User/main.o
 .debug_macro   0x00000bf5      0x155 Application/User/main.o
 .debug_macro   0x00000d4a       0x2e Application/User/main.o
 .debug_macro   0x00000d78       0x22 Application/User/main.o
 .debug_macro   0x00000d9a       0x22 Application/User/main.o
 .debug_macro   0x00000dbc       0x87 Application/User/main.o
 .debug_macro   0x00000e43       0x44 Application/User/main.o
 .debug_macro   0x00000e87       0xfd Application/User/main.o
 .debug_macro   0x00000f84       0x5e Application/User/main.o
 .debug_macro   0x00000fe2      0x1df Application/User/main.o
 .debug_macro   0x000011c1       0x34 Application/User/main.o
 .debug_macro   0x000011f5       0x34 Application/User/main.o
 .debug_macro   0x00001229      0xb8e Application/User/main.o
 .debug_macro   0x00001db7     0xf2f7 Application/User/main.o
 .debug_macro   0x000110ae       0x43 Application/User/main.o
 .debug_macro   0x000110f1     0x3383 Application/User/main.o
 .debug_macro   0x00014474       0x52 Application/User/main.o
 .debug_macro   0x000144c6       0x35 Application/User/main.o
 .debug_macro   0x000144fb       0x9c Application/User/main.o
 .debug_macro   0x00014597       0x16 Application/User/main.o
 .debug_macro   0x000145ad       0x97 Application/User/main.o
 .debug_macro   0x00014644      0x30d Application/User/main.o
 .debug_macro   0x00014951       0xfd Application/User/main.o
 .debug_macro   0x00014a4e       0x10 Application/User/main.o
 .debug_macro   0x00014a5e       0x52 Application/User/main.o
 .debug_macro   0x00014ab0       0x1f Application/User/main.o
 .debug_macro   0x00014acf       0x43 Application/User/main.o
 .debug_macro   0x00014b12       0x20 Application/User/main.o
 .debug_macro   0x00014b32      0x187 Application/User/main.o
 .debug_macro   0x00014cb9       0x10 Application/User/main.o
 .debug_macro   0x00014cc9       0x1c Application/User/main.o
 .debug_macro   0x00014ce5       0x52 Application/User/main.o
 .debug_macro   0x00014d37       0x40 Application/User/main.o
 .debug_macro   0x00014d77       0x10 Application/User/main.o
 .debug_macro   0x00014d87       0x40 Application/User/main.o
 .debug_macro   0x00014dc7       0xd7 Application/User/main.o
 .debug_macro   0x00014e9e       0x16 Application/User/main.o
 .debug_macro   0x00014eb4      0x18b Application/User/main.o
 .debug_macro   0x0001503f       0x50 Application/User/main.o
 .debug_macro   0x0001508f      0x778 Application/User/main.o
 .debug_macro   0x00015807      0x28b Application/User/main.o
 .debug_macro   0x00015a92      0x141 Application/User/main.o
 .debug_macro   0x00015bd3      0x197 Application/User/main.o
 .debug_macro   0x00015d6a      0x1ae Application/User/main.o
 .debug_macro   0x00015f18       0x2d Application/User/main.o
 .debug_macro   0x00015f45       0x3c Application/User/main.o
 .debug_macro   0x00015f81       0x57 Application/User/main.o
 .debug_macro   0x00015fd8       0x8c Application/User/main.o
 .debug_macro   0x00016064      0x242 Application/User/main.o
 .debug_macro   0x000162a6      0x143 Application/User/main.o
 .debug_macro   0x000163e9       0x7c Application/User/main.o
 .debug_macro   0x00016465       0x10 Application/User/main.o
 .debug_macro   0x00016475       0x16 Application/User/main.o
 .debug_macro   0x0001648b       0x35 Application/User/main.o
 .debug_macro   0x000164c0       0x16 Application/User/main.o
 .debug_macro   0x000164d6       0x29 Application/User/main.o
 .debug_macro   0x000164ff       0x35 Application/User/main.o
 .debug_macro   0x00016534       0xea Application/User/main.o
 .debug_macro   0x0001661e       0x58 Application/User/main.o
 .debug_macro   0x00016676       0x4a Application/User/main.o
 .debug_macro   0x000166c0       0x88 Application/User/main.o
 .debug_macro   0x00016748      0x2bc Application/User/stm32f1xx_hal_msp.o
 .debug_macro   0x00016a04      0x2c4 Application/User/src/tm_stm32f1_gpio.o
 .debug_macro   0x00016cc8       0x3a Application/User/src/tm_stm32f1_gpio.o
 .debug_macro   0x00016d02       0x2d Application/User/src/tm_stm32f1_gpio.o
 .debug_macro   0x00016d2f       0xe4 Application/User/src/tm_stm32f1_gpio.o
 .debug_macro   0x00016e13      0x311 Application/User/src/tm_stm32f4_delay.o
 .debug_macro   0x00017124      0x335 Application/User/src/tm_stm32f4_ds18b20.o
 .debug_macro   0x00017459      0x326 Application/User/src/tm_stm32f4_onewire.o
 .debug_macro   0x0001777f      0x2c2 Drivers/CMSIS/system_stm32f1xx.o
 .debug_macro   0x00017a41      0x2e0 Drivers/STM32F1xx_HAL_Driver/stm32f1xx_hal.o
 .debug_macro   0x00017d21      0x2bc Drivers/STM32F1xx_HAL_Driver/stm32f1xx_hal_cortex.o
 .debug_macro   0x00017fdd      0x2e0 Drivers/STM32F1xx_HAL_Driver/stm32f1xx_hal_rcc.o

.debug_str      0x00000000    0x850ad
 .debug_str     0x00000000    0x83f81 Application/User/main.o
                              0x8438a (size before relaxing)
 .debug_str     0x00083f81       0x66 Application/User/stm32f1xx_hal_msp.o
                              0x83015 (size before relaxing)
 .debug_str     0x00083fe7      0x2c5 Application/User/src/tm_stm32f1_gpio.o
                              0x83694 (size before relaxing)
 .debug_str     0x000842ac      0x2e2 Application/User/src/tm_stm32f4_delay.o
                              0x834a7 (size before relaxing)
 .debug_str     0x0008458e      0x16a Application/User/src/tm_stm32f4_ds18b20.o
                              0x83b23 (size before relaxing)
 .debug_str     0x000846f8      0x197 Application/User/src/tm_stm32f4_onewire.o
                              0x83af9 (size before relaxing)
 .debug_str     0x0008488f       0x9f Drivers/CMSIS/system_stm32f1xx.o
                              0x82de3 (size before relaxing)
 .debug_str     0x0008492e      0x2b1 Drivers/STM32F1xx_HAL_Driver/stm32f1xx_hal.o
                              0x833cf (size before relaxing)
 .debug_str     0x00084bdf      0x208 Drivers/STM32F1xx_HAL_Driver/stm32f1xx_hal_cortex.o
                              0x833cd (size before relaxing)
 .debug_str     0x00084de7      0x2c6 Drivers/STM32F1xx_HAL_Driver/stm32f1xx_hal_rcc.o
                              0x8321d (size before relaxing)

.comment        0x00000000       0x6e
 .comment       0x00000000       0x6e Application/User/main.o
                                 0x6f (size before relaxing)
 .comment       0x0000006e       0x6f Application/User/stm32f1xx_hal_msp.o
 .comment       0x0000006e       0x6f Application/User/src/tm_stm32f1_gpio.o
 .comment       0x0000006e       0x6f Application/User/src/tm_stm32f4_delay.o
 .comment       0x0000006e       0x6f Application/User/src/tm_stm32f4_ds18b20.o
 .comment       0x0000006e       0x6f Application/User/src/tm_stm32f4_onewire.o
 .comment       0x0000006e       0x6f Drivers/CMSIS/system_stm32f1xx.o
 .comment       0x0000006e       0x6f Drivers/STM32F1xx_HAL_Driver/stm32f1xx_hal.o
 .comment       0x0000006e       0x6f Drivers/STM32F1xx_HAL_Driver/stm32f1xx_hal_cortex.o
 .comment       0x0000006e       0x6f Drivers/STM32F1xx_HAL_Driver/stm32f1xx_hal_rcc.o

.debug_frame    0x00000000      0xb5c
 .debug_frame   0x00000000       0x74 Application/User/main.o
 .debug_frame   0x00000074       0x2c Application/User/stm32f1xx_hal_msp.o
 .debug_frame   0x000000a0      0x280 Application/User/src/tm_stm32f1_gpio.o
 .debug_frame   0x00000320       0xe8 Application/User/src/tm_stm32f4_delay.o
 .debug_frame   0x00000408      0x144 Application/User/src/tm_stm32f4_ds18b20.o
 .debug_frame   0x0000054c      0x1d0 Application/User/src/tm_stm32f4_onewire.o
 .debug_frame   0x0000071c       0x30 Drivers/CMSIS/system_stm32f1xx.o
 .debug_frame   0x0000074c      0x168 Drivers/STM32F1xx_HAL_Driver/stm32f1xx_hal.o
 .debug_frame   0x000008b4      0x124 Drivers/STM32F1xx_HAL_Driver/stm32f1xx_hal_cortex.o
 .debug_frame   0x000009d8      0x158 Drivers/STM32F1xx_HAL_Driver/stm32f1xx_hal_rcc.o
 .debug_frame   0x00000b30       0x2c c:/ac6/systemworkbench/plugins/fr.ac6.mcu.externaltools.arm-none.win32_1.13.1.201701261202/tools/compiler/bin/../lib/gcc/arm-none-eabi/5.4.1/../../../../arm-none-eabi/lib/armv7-m\libc_nano.a(lib_a-init.o)
